Module@0..1297
  LineComment@0..70 "// A system project in one file: the lamp, a component, two instances."
  Whitespace@70..72 "\n\n"
  ConceptDecl@72..92
    KwConcept@72..79 "concept"
    Whitespace@79..80 " "
    Name@80..84
      Ident@80..84 "Tilt"
    Whitespace@84..85 " "
    Colon@85..86 ":"
    Whitespace@86..87 " "
    NamedType@87..92
      NameRef@87..92
        Ident@87..92 "Angle"
  Whitespace@92..93 "\n"
  ConceptDecl@93..120
    KwConcept@93..100 "concept"
    Whitespace@100..101 " "
    Name@101..111
      Ident@101..111 "Brightness"
    Whitespace@111..112 " "
    Colon@112..113 ":"
    Whitespace@113..114 " "
    NamedType@114..120
      NameRef@114..120
        Ident@114..120 "Scalar"
  Whitespace@120..121 "\n"
  ConceptDecl@121..142
    KwConcept@121..128 "concept"
    Whitespace@128..129 " "
    Name@129..133
      Ident@129..133 "Gain"
    Whitespace@133..134 " "
    Colon@134..135 ":"
    Whitespace@135..136 " "
    NamedType@136..142
      NameRef@136..142
        Ident@136..142 "Scalar"
  Whitespace@142..144 "\n\n"
  ClockDecl@144..161
    KwClock@144..149 "clock"
    Whitespace@149..150 " "
    Name@150..161
      Ident@150..161 "interaction"
  Whitespace@161..162 "\n"
  ClockDecl@162..175
    KwClock@162..167 "clock"
    Whitespace@167..168 " "
    Name@168..175
      Ident@168..175 "display"
  Whitespace@175..177 "\n\n"
  MappingDecl@177..209
    KwMapping@177..184 "mapping"
    Whitespace@184..185 " "
    Name@185..189
      Ident@185..189 "tilt"
    Whitespace@189..190 " "
    Colon@190..191 ":"
    Whitespace@191..192 " "
    NamedType@192..196
      NameRef@192..196
        Ident@192..196 "Tilt"
    Whitespace@196..197 " "
    ClockTag@197..209
      At@197..198 "@"
      NameRef@198..209
        Ident@198..209 "interaction"
  Whitespace@209..228 "                   "
  MappingDecl@228..309
    LineComment@228..252 "// supplied from outside"
    Whitespace@252..253 "\n"
    KwMapping@253..260 "mapping"
    Whitespace@260..261 " "
    Name@261..270
      Ident@261..270 "tiltValue"
    Whitespace@270..271 " "
    Colon@271..272 ":"
    Whitespace@272..273 " "
    NamedType@273..277
      NameRef@273..277
        Ident@273..277 "Tilt"
    Whitespace@277..278 " "
    ClockTag@278..290
      At@278..279 "@"
      NameRef@279..290
        Ident@279..290 "interaction"
    Whitespace@290..291 "\n"
    MappingDef@291..309
      NameRef@291..300
        Ident@291..300 "tiltValue"
      ParamList@300..302
        LParen@300..301 "("
        RParen@301..302 ")"
      Whitespace@302..303 " "
      Eq@303..304 "="
      Whitespace@304..305 " "
      NameExpr@305..309
        NameRef@305..309
          Ident@305..309 "tilt"
  Whitespace@309..311 "\n\n"
  OutputDecl@311..349
    KwOutput@311..317 "output"
    Whitespace@317..318 " "
    Name@318..323
      Ident@318..323 "light"
    Whitespace@323..324 " "
    Colon@324..325 ":"
    Whitespace@325..326 " "
    NamedType@326..336
      NameRef@326..336
        Ident@326..336 "Brightness"
    Whitespace@336..337 " "
    ClockTag@337..349
      At@337..338 "@"
      NameRef@338..349
        Ident@338..349 "interaction"
  Whitespace@349..350 "\n"
  OutputDecl@350..401
    KwOutput@350..356 "output"
    Whitespace@356..357 " "
    Name@357..366
      Ident@357..366 "indicator"
    Whitespace@366..367 " "
    Colon@367..368 ":"
    Whitespace@368..369 " "
    NamedType@369..379
      NameRef@369..379
        Ident@369..379 "Brightness"
    Whitespace@379..380 " "
    ClockTag@380..392
      At@380..381 "@"
      NameRef@381..392
        Ident@381..392 "interaction"
    Whitespace@392..393 " "
    Ident@393..401 "optional"
  Whitespace@401..402 "\n"
  DriveDecl@402..426
    KwDrive@402..407 "drive"
    Whitespace@407..408 " "
    NameRef@408..413
      Ident@408..413 "light"
    Whitespace@413..414 " "
    Eq@414..415 "="
    Whitespace@415..416 " "
    NameRef@416..426
      Ident@416..426 "brightness"
  Whitespace@426..428 "\n\n"
  DeviceDecl@428..482
    KwDevice@428..434 "device"
    Whitespace@434..435 " "
    Name@435..443
      Ident@435..443 "pwmLight"
    Whitespace@443..444 " "
    Colon@444..445 ":"
    Whitespace@445..446 " "
    NameRef@446..457
      Ident@446..457 "pwm_channel"
    Whitespace@457..458 " "
    Ident@458..461 "for"
    Whitespace@461..462 " "
    NameRef@462..467
      Ident@462..467 "light"
    Whitespace@467..468 " "
    DeviceBody@468..482
      LBrace@468..469 "{"
      Whitespace@469..470 " "
      PinFix@470..480
        Ident@470..473 "pin"
        Whitespace@473..474 " "
        Number@474..475 "0"
        Whitespace@475..476 " "
        Eq@476..477 "="
        Whitespace@477..478 " "
        NameRef@478..480
          Ident@478..480 "D3"
      Whitespace@480..481 " "
      RBrace@481..482 "}"
  Whitespace@482..483 "\n"
  DeviceDecl@483..506
    KwDevice@483..489 "device"
    Whitespace@489..490 " "
    Name@490..493
      Ident@490..493 "imu"
    Whitespace@493..494 " "
    Colon@494..495 ":"
    Whitespace@495..496 " "
    NameRef@496..506
      Ident@496..506 "i2c_sensor"
  Whitespace@506..508 "\n\n"
  ComponentDecl@508..844
    KwComponent@508..517 "component"
    Whitespace@517..518 " "
    Name@518..530
      Ident@518..530 "AdaptiveLamp"
    Whitespace@530..531 " "
    ComponentBody@531..844
      LBrace@531..532 "{"
      Whitespace@532..535 "\n  "
      UseDecl@535..551
        KwUse@535..538 "use"
        Whitespace@538..539 " "
        KwConcept@539..546 "concept"
        Whitespace@546..547 " "
        NameRef@547..551
          Ident@547..551 "Tilt"
      Whitespace@551..554 "\n  "
      UseDecl@554..576
        KwUse@554..557 "use"
        Whitespace@557..558 " "
        KwConcept@558..565 "concept"
        Whitespace@565..566 " "
        NameRef@566..576
          Ident@566..576 "Brightness"
      Whitespace@576..579 "\n  "
      UseDecl@579..595
        KwUse@579..582 "use"
        Whitespace@582..583 " "
        KwConcept@583..590 "concept"
        Whitespace@590..591 " "
        NameRef@591..595
          Ident@591..595 "Gain"
      Whitespace@595..598 "\n  "
      ParamClockDecl@598..614
        KwParam@598..603 "param"
        Whitespace@603..604 " "
        KwClock@604..609 "clock"
        Whitespace@609..610 " "
        Name@610..614
          Ident@610..614 "main"
      Whitespace@614..617 "\n  "
      ClockDecl@617..628
        KwClock@617..622 "clock"
        Whitespace@622..623 " "
        Name@623..628
          Ident@623..628 "blink"
      Whitespace@628..632 "\n\n  "
      PortDecl@632..663
        KwRequires@632..640 "requires"
        Whitespace@640..641 " "
        Name@641..650
          Ident@641..650 "tiltValue"
        Whitespace@650..651 " "
        Colon@651..652 ":"
        Whitespace@652..653 " "
        NamedType@653..657
          NameRef@653..657
            Ident@653..657 "Tilt"
        Whitespace@657..658 " "
        ClockTag@658..663
          At@658..659 "@"
          NameRef@659..663
            Ident@659..663 "main"
      Whitespace@663..666 "\n  "
      PortDecl@666..683
        KwParam@666..671 "param"
        Whitespace@671..672 " "
        Name@672..676
          Ident@672..676 "gain"
        Whitespace@676..677 " "
        Colon@677..678 ":"
        Whitespace@678..679 " "
        NamedType@679..683
          NameRef@679..683
            Ident@679..683 "Gain"
      Whitespace@683..687 "\n\n  "
      MappingDecl@687..755
        KwMapping@687..694 "mapping"
        Whitespace@694..695 " "
        Name@695..704
          Ident@695..704 "dimByTilt"
        Whitespace@704..705 " "
        Colon@705..706 ":"
        Whitespace@706..707 " "
        FunctionType@707..725
          NamedType@707..711
            NameRef@707..711
              Ident@707..711 "Tilt"
          Whitespace@711..712 " "
          Arrow@712..714 "->"
          Whitespace@714..715 " "
          NamedType@715..725
            NameRef@715..725
              Ident@715..725 "Brightness"
        Whitespace@725..728 "\n  "
        MappingDef@728..755
          NameRef@728..737
            Ident@728..737 "dimByTilt"
          ParamList@737..740
            LParen@737..738 "("
            IdentPattern@738..739
              Name@738..739
                Ident@738..739 "t"
            RParen@739..740 ")"
          Whitespace@740..741 " "
          Eq@741..742 "="
          Whitespace@742..743 " "
          BinaryExpr@743..755
            NameExpr@743..744
              NameRef@743..744
                Ident@743..744 "t"
            Whitespace@744..745 " "
            Slash@745..746 "/"
            Whitespace@746..747 " "
            ParenExpr@747..755
              LParen@747..748 "("
              LiteralExpr@748..754
                Number@748..750 "90"
                Whitespace@750..751 " "
                UnitSuffix@751..754
                  Ident@751..754 "deg"
              RParen@754..755 ")"
      Whitespace@755..759 "\n\n  "
      PortDecl@759..842
        KwProvides@759..767 "provides"
        Whitespace@767..768 " "
        Name@768..778
          Ident@768..778 "brightness"
        Whitespace@778..779 " "
        Colon@779..780 ":"
        Whitespace@780..781 " "
        NamedType@781..791
          NameRef@781..791
            Ident@781..791 "Brightness"
        Whitespace@791..792 " "
        ClockTag@792..797
          At@792..793 "@"
          NameRef@793..797
            Ident@793..797 "main"
        Whitespace@797..800 "\n  "
        MappingDef@800..842
          NameRef@800..810
            Ident@800..810 "brightness"
          ParamList@810..812
            LParen@810..811 "("
            RParen@811..812 ")"
          Whitespace@812..813 " "
          Eq@813..814 "="
          Whitespace@814..815 " "
          BinaryExpr@815..842
            CallExpr@815..835
              NameExpr@815..824
                NameRef@815..824
                  Ident@815..824 "dimByTilt"
              ArgList@824..835
                LParen@824..825 "("
                NameExpr@825..834
                  NameRef@825..834
                    Ident@825..834 "tiltValue"
                RParen@834..835 ")"
            Whitespace@835..836 " "
            Star@836..837 "*"
            Whitespace@837..838 " "
            NameExpr@838..842
              NameRef@838..842
                Ident@838..842 "gain"
      Whitespace@842..843 "\n"
      RBrace@843..844 "}"
  Whitespace@844..846 "\n\n"
  InstanceDecl@846..908
    KwInstance@846..854 "instance"
    Whitespace@854..855 " "
    Name@855..860
      Ident@855..860 "lampA"
    Whitespace@860..861 " "
    Colon@861..862 ":"
    Whitespace@862..863 " "
    NameRef@863..875
      Ident@863..875 "AdaptiveLamp"
    Whitespace@875..876 " "
    InstanceBody@876..908
      LBrace@876..877 "{"
      Whitespace@877..878 " "
      InstanceArg@878..896
        NameRef@878..882
          Ident@878..882 "main"
        Whitespace@882..883 " "
        Eq@883..884 "="
        Whitespace@884..885 " "
        NameExpr@885..896
          NameRef@885..896
            Ident@885..896 "interaction"
      Comma@896..897 ","
      Whitespace@897..898 " "
      InstanceArg@898..906
        NameRef@898..902
          Ident@898..902 "gain"
        Whitespace@902..903 " "
        Eq@903..904 "="
        Whitespace@904..905 " "
        LiteralExpr@905..906
          Number@905..906 "2"
      Whitespace@906..907 " "
      RBrace@907..908 "}"
  Whitespace@908..909 "\n"
  InstanceDecl@909..971
    KwInstance@909..917 "instance"
    Whitespace@917..918 " "
    Name@918..923
      Ident@918..923 "lampB"
    Whitespace@923..924 " "
    Colon@924..925 ":"
    Whitespace@925..926 " "
    NameRef@926..938
      Ident@926..938 "AdaptiveLamp"
    Whitespace@938..939 " "
    InstanceBody@939..971
      LBrace@939..940 "{"
      Whitespace@940..941 " "
      InstanceArg@941..959
        NameRef@941..945
          Ident@941..945 "main"
        Whitespace@945..946 " "
        Eq@946..947 "="
        Whitespace@947..948 " "
        NameExpr@948..959
          NameRef@948..959
            Ident@948..959 "interaction"
      Comma@959..960 ","
      Whitespace@960..961 " "
      InstanceArg@961..969
        NameRef@961..965
          Ident@961..965 "gain"
        Whitespace@965..966 " "
        Eq@966..967 "="
        Whitespace@967..968 " "
        LiteralExpr@968..969
          Number@968..969 "1"
      Whitespace@969..970 " "
      RBrace@970..971 "}"
  Whitespace@971..973 "\n\n"
  MappingDecl@973..1017
    KwMapping@973..980 "mapping"
    Whitespace@980..981 " "
    Name@981..991
      Ident@981..991 "brightness"
    Whitespace@991..992 " "
    Colon@992..993 ":"
    Whitespace@993..994 " "
    NamedType@994..1004
      NameRef@994..1004
        Ident@994..1004 "Brightness"
    Whitespace@1004..1005 " "
    ClockTag@1005..1017
      At@1005..1006 "@"
      NameRef@1006..1017
        Ident@1006..1017 "interaction"
  Whitespace@1017..1018 "\n"
  MappingDecl@1018..1058
    KwMapping@1018..1025 "mapping"
    Whitespace@1025..1026 " "
    Name@1026..1032
      Ident@1026..1032 "mirror"
    Whitespace@1032..1033 " "
    Colon@1033..1034 ":"
    Whitespace@1034..1035 " "
    NamedType@1035..1045
      NameRef@1035..1045
        Ident@1035..1045 "Brightness"
    Whitespace@1045..1046 " "
    ClockTag@1046..1058
      At@1046..1047 "@"
      NameRef@1047..1058
        Ident@1047..1058 "interaction"
  Whitespace@1058..1059 "\n"
  MappingDecl@1059..1093
    KwMapping@1059..1066 "mapping"
    Whitespace@1066..1067 " "
    Name@1067..1071
      Ident@1067..1071 "slow"
    Whitespace@1071..1072 " "
    Colon@1072..1073 ":"
    Whitespace@1073..1074 " "
    NamedType@1074..1084
      NameRef@1074..1084
        Ident@1074..1084 "Brightness"
    Whitespace@1084..1085 " "
    ClockTag@1085..1093
      At@1085..1086 "@"
      NameRef@1086..1093
        Ident@1086..1093 "display"
  Whitespace@1093..1095 "\n\n"
  BindDecl@1095..1127
    KwBind@1095..1099 "bind"
    Whitespace@1099..1100 " "
    BindEnd@1100..1115
      NameRef@1100..1105
        Ident@1100..1105 "lampA"
      Dot@1105..1106 "."
      NameRef@1106..1115
        Ident@1106..1115 "tiltValue"
    Whitespace@1115..1116 " "
    Eq@1116..1117 "="
    Whitespace@1117..1118 " "
    BindEnd@1118..1127
      NameRef@1118..1127
        Ident@1118..1127 "tiltValue"
  Whitespace@1127..1128 "\n"
  BindDecl@1128..1160
    KwBind@1128..1132 "bind"
    Whitespace@1132..1133 " "
    BindEnd@1133..1148
      NameRef@1133..1138
        Ident@1133..1138 "lampB"
      Dot@1138..1139 "."
      NameRef@1139..1148
        Ident@1139..1148 "tiltValue"
    Whitespace@1148..1149 " "
    Eq@1149..1150 "="
    Whitespace@1150..1151 " "
    BindEnd@1151..1160
      NameRef@1151..1160
        Ident@1151..1160 "tiltValue"
  Whitespace@1160..1161 "\n"
  BindDecl@1161..1195
    KwBind@1161..1165 "bind"
    Whitespace@1165..1166 " "
    BindEnd@1166..1176
      NameRef@1166..1176
        Ident@1166..1176 "brightness"
    Whitespace@1176..1177 " "
    Eq@1177..1178 "="
    Whitespace@1178..1179 " "
    BindEnd@1179..1195
      NameRef@1179..1184
        Ident@1179..1184 "lampA"
      Dot@1184..1185 "."
      NameRef@1185..1195
        Ident@1185..1195 "brightness"
  Whitespace@1195..1196 "\n"
  BindDecl@1196..1226
    KwBind@1196..1200 "bind"
    Whitespace@1200..1201 " "
    BindEnd@1201..1207
      NameRef@1201..1207
        Ident@1201..1207 "mirror"
    Whitespace@1207..1208 " "
    Eq@1208..1209 "="
    Whitespace@1209..1210 " "
    BindEnd@1210..1226
      NameRef@1210..1215
        Ident@1210..1215 "lampB"
      Dot@1215..1216 "."
      NameRef@1216..1226
        Ident@1216..1226 "brightness"
  Whitespace@1226..1227 "\n"
  BindDecl@1227..1262
    KwBind@1227..1231 "bind"
    Whitespace@1231..1232 " "
    BindEnd@1232..1236
      NameRef@1232..1236
        Ident@1232..1236 "slow"
    Whitespace@1236..1237 " "
    Eq@1237..1238 "="
    Whitespace@1238..1239 " "
    BindEnd@1239..1255
      NameRef@1239..1244
        Ident@1239..1244 "lampA"
      Dot@1244..1245 "."
      NameRef@1245..1255
        Ident@1245..1255 "brightness"
    Whitespace@1255..1256 " "
    Ident@1256..1260 "init"
    Whitespace@1260..1261 " "
    LiteralExpr@1261..1262
      Number@1261..1262 "0"
  Whitespace@1262..1264 "\n\n"
  ExportDecl@1264..1296
    KwExport@1264..1270 "export"
    Whitespace@1270..1271 " "
    BindEnd@1271..1286
      NameRef@1271..1276
        Ident@1271..1276 "lampB"
      Dot@1276..1277 "."
      NameRef@1277..1286
        Ident@1277..1286 "tiltValue"
    Whitespace@1286..1287 " "
    Ident@1287..1289 "as"
    Whitespace@1289..1290 " "
    Name@1290..1296
      Ident@1290..1296 "tiltIn"
  Whitespace@1296..1297 "\n"
lowered: 3 concept(s), 5 mapping(s), 0 enum(s)
