Module@0..1298
  LineComment@0..70 "// A system project in one file: the lamp, a component, two instances."
  Whitespace@70..72 "\n\n"
  ConceptDecl@72..92
    KwConcept@72..79 "concept"
    Whitespace@79..80 " "
    Name@80..84
      Ident@80..84 "Tilt"
    Whitespace@84..85 " "
    Colon@85..86 ":"
    Whitespace@86..87 " "
    NamedType@87..92
      NameRef@87..92
        Ident@87..92 "Angle"
  Whitespace@92..93 "\n"
  ConceptDecl@93..120
    KwConcept@93..100 "concept"
    Whitespace@100..101 " "
    Name@101..111
      Ident@101..111 "Brightness"
    Whitespace@111..112 " "
    Colon@112..113 ":"
    Whitespace@113..114 " "
    NamedType@114..120
      NameRef@114..120
        Ident@114..120 "Scalar"
  Whitespace@120..121 "\n"
  ConceptDecl@121..142
    KwConcept@121..128 "concept"
    Whitespace@128..129 " "
    Name@129..133
      Ident@129..133 "Gain"
    Whitespace@133..134 " "
    Colon@134..135 ":"
    Whitespace@135..136 " "
    NamedType@136..142
      NameRef@136..142
        Ident@136..142 "Scalar"
  Whitespace@142..144 "\n\n"
  ClockDecl@144..161
    KwClock@144..149 "clock"
    Whitespace@149..150 " "
    Name@150..161
      Ident@150..161 "interaction"
  Whitespace@161..162 "\n"
  ClockDecl@162..175
    KwClock@162..167 "clock"
    Whitespace@167..168 " "
    Name@168..175
      Ident@168..175 "display"
  Whitespace@175..177 "\n\n"
  MappingDecl@177..209
    KwMapping@177..184 "mapping"
    Whitespace@184..185 " "
    Name@185..189
      Ident@185..189 "tilt"
    Whitespace@189..190 " "
    Colon@190..191 ":"
    Whitespace@191..192 " "
    NamedType@192..196
      NameRef@192..196
        Ident@192..196 "Tilt"
    Whitespace@196..197 " "
    ClockTag@197..209
      At@197..198 "@"
      NameRef@198..209
        Ident@198..209 "interaction"
  Whitespace@209..228 "                   "
  MappingDecl@228..309
    LineComment@228..252 "// supplied from outside"
    Whitespace@252..253 "\n"
    KwMapping@253..260 "mapping"
    Whitespace@260..261 " "
    Name@261..270
      Ident@261..270 "tiltValue"
    Whitespace@270..271 " "
    Colon@271..272 ":"
    Whitespace@272..273 " "
    NamedType@273..277
      NameRef@273..277
        Ident@273..277 "Tilt"
    Whitespace@277..278 " "
    ClockTag@278..290
      At@278..279 "@"
      NameRef@279..290
        Ident@279..290 "interaction"
    Whitespace@290..291 "\n"
    MappingDef@291..309
      NameRef@291..300
        Ident@291..300 "tiltValue"
      ParamList@300..302
        LParen@300..301 "("
        RParen@301..302 ")"
      Whitespace@302..303 " "
      Eq@303..304 "="
      Whitespace@304..305 " "
      NameExpr@305..309
        NameRef@305..309
          Ident@305..309 "tilt"
  Whitespace@309..311 "\n\n"
  OutputDecl@311..349
    KwOutput@311..317 "output"
    Whitespace@317..318 " "
    Name@318..323
      Ident@318..323 "light"
    Whitespace@323..324 " "
    Colon@324..325 ":"
    Whitespace@325..326 " "
    NamedType@326..336
      NameRef@326..336
        Ident@326..336 "Brightness"
    Whitespace@336..337 " "
    ClockTag@337..349
      At@337..338 "@"
      NameRef@338..349
        Ident@338..349 "interaction"
  Whitespace@349..350 "\n"
  OutputDecl@350..401
    KwOutput@350..356 "output"
    Whitespace@356..357 " "
    Name@357..366
      Ident@357..366 "indicator"
    Whitespace@366..367 " "
    Colon@367..368 ":"
    Whitespace@368..369 " "
    NamedType@369..379
      NameRef@369..379
        Ident@369..379 "Brightness"
    Whitespace@379..380 " "
    ClockTag@380..392
      At@380..381 "@"
      NameRef@381..392
        Ident@381..392 "interaction"
    Whitespace@392..393 " "
    Ident@393..401 "optional"
  Whitespace@401..402 "\n"
  DriveDecl@402..427
    KwDrive@402..407 "drive"
    Whitespace@407..408 " "
    NameRef@408..413
      Ident@408..413 "light"
    Whitespace@413..414 " "
    Ident@414..416 "by"
    Whitespace@416..417 " "
    NameRef@417..427
      Ident@417..427 "brightness"
  Whitespace@427..429 "\n\n"
  DeviceDecl@429..483
    KwDevice@429..435 "device"
    Whitespace@435..436 " "
    Name@436..444
      Ident@436..444 "pwmLight"
    Whitespace@444..445 " "
    Colon@445..446 ":"
    Whitespace@446..447 " "
    NameRef@447..458
      Ident@447..458 "pwm_channel"
    Whitespace@458..459 " "
    Ident@459..462 "for"
    Whitespace@462..463 " "
    NameRef@463..468
      Ident@463..468 "light"
    Whitespace@468..469 " "
    DeviceBody@469..483
      LBrace@469..470 "{"
      Whitespace@470..471 " "
      PinFix@471..481
        Ident@471..474 "pin"
        Whitespace@474..475 " "
        Number@475..476 "0"
        Whitespace@476..477 " "
        Eq@477..478 "="
        Whitespace@478..479 " "
        NameRef@479..481
          Ident@479..481 "D3"
      Whitespace@481..482 " "
      RBrace@482..483 "}"
  Whitespace@483..484 "\n"
  DeviceDecl@484..507
    KwDevice@484..490 "device"
    Whitespace@490..491 " "
    Name@491..494
      Ident@491..494 "imu"
    Whitespace@494..495 " "
    Colon@495..496 ":"
    Whitespace@496..497 " "
    NameRef@497..507
      Ident@497..507 "i2c_sensor"
  Whitespace@507..509 "\n\n"
  ComponentDecl@509..845
    KwComponent@509..518 "component"
    Whitespace@518..519 " "
    Name@519..531
      Ident@519..531 "AdaptiveLamp"
    Whitespace@531..532 " "
    ComponentBody@532..845
      LBrace@532..533 "{"
      Whitespace@533..536 "\n  "
      UseDecl@536..552
        KwUse@536..539 "use"
        Whitespace@539..540 " "
        KwConcept@540..547 "concept"
        Whitespace@547..548 " "
        NameRef@548..552
          Ident@548..552 "Tilt"
      Whitespace@552..555 "\n  "
      UseDecl@555..577
        KwUse@555..558 "use"
        Whitespace@558..559 " "
        KwConcept@559..566 "concept"
        Whitespace@566..567 " "
        NameRef@567..577
          Ident@567..577 "Brightness"
      Whitespace@577..580 "\n  "
      UseDecl@580..596
        KwUse@580..583 "use"
        Whitespace@583..584 " "
        KwConcept@584..591 "concept"
        Whitespace@591..592 " "
        NameRef@592..596
          Ident@592..596 "Gain"
      Whitespace@596..599 "\n  "
      ParamClockDecl@599..615
        KwParam@599..604 "param"
        Whitespace@604..605 " "
        KwClock@605..610 "clock"
        Whitespace@610..611 " "
        Name@611..615
          Ident@611..615 "main"
      Whitespace@615..618 "\n  "
      ClockDecl@618..629
        KwClock@618..623 "clock"
        Whitespace@623..624 " "
        Name@624..629
          Ident@624..629 "blink"
      Whitespace@629..633 "\n\n  "
      PortDecl@633..664
        KwRequires@633..641 "requires"
        Whitespace@641..642 " "
        Name@642..651
          Ident@642..651 "tiltValue"
        Whitespace@651..652 " "
        Colon@652..653 ":"
        Whitespace@653..654 " "
        NamedType@654..658
          NameRef@654..658
            Ident@654..658 "Tilt"
        Whitespace@658..659 " "
        ClockTag@659..664
          At@659..660 "@"
          NameRef@660..664
            Ident@660..664 "main"
      Whitespace@664..667 "\n  "
      PortDecl@667..684
        KwParam@667..672 "param"
        Whitespace@672..673 " "
        Name@673..677
          Ident@673..677 "gain"
        Whitespace@677..678 " "
        Colon@678..679 ":"
        Whitespace@679..680 " "
        NamedType@680..684
          NameRef@680..684
            Ident@680..684 "Gain"
      Whitespace@684..688 "\n\n  "
      MappingDecl@688..756
        KwMapping@688..695 "mapping"
        Whitespace@695..696 " "
        Name@696..705
          Ident@696..705 "dimByTilt"
        Whitespace@705..706 " "
        Colon@706..707 ":"
        Whitespace@707..708 " "
        FunctionType@708..726
          NamedType@708..712
            NameRef@708..712
              Ident@708..712 "Tilt"
          Whitespace@712..713 " "
          Arrow@713..715 "->"
          Whitespace@715..716 " "
          NamedType@716..726
            NameRef@716..726
              Ident@716..726 "Brightness"
        Whitespace@726..729 "\n  "
        MappingDef@729..756
          NameRef@729..738
            Ident@729..738 "dimByTilt"
          ParamList@738..741
            LParen@738..739 "("
            IdentPattern@739..740
              Name@739..740
                Ident@739..740 "t"
            RParen@740..741 ")"
          Whitespace@741..742 " "
          Eq@742..743 "="
          Whitespace@743..744 " "
          BinaryExpr@744..756
            NameExpr@744..745
              NameRef@744..745
                Ident@744..745 "t"
            Whitespace@745..746 " "
            Slash@746..747 "/"
            Whitespace@747..748 " "
            ParenExpr@748..756
              LParen@748..749 "("
              LiteralExpr@749..755
                Number@749..751 "90"
                Whitespace@751..752 " "
                UnitSuffix@752..755
                  Ident@752..755 "deg"
              RParen@755..756 ")"
      Whitespace@756..760 "\n\n  "
      PortDecl@760..843
        KwProvides@760..768 "provides"
        Whitespace@768..769 " "
        Name@769..779
          Ident@769..779 "brightness"
        Whitespace@779..780 " "
        Colon@780..781 ":"
        Whitespace@781..782 " "
        NamedType@782..792
          NameRef@782..792
            Ident@782..792 "Brightness"
        Whitespace@792..793 " "
        ClockTag@793..798
          At@793..794 "@"
          NameRef@794..798
            Ident@794..798 "main"
        Whitespace@798..801 "\n  "
        MappingDef@801..843
          NameRef@801..811
            Ident@801..811 "brightness"
          ParamList@811..813
            LParen@811..812 "("
            RParen@812..813 ")"
          Whitespace@813..814 " "
          Eq@814..815 "="
          Whitespace@815..816 " "
          BinaryExpr@816..843
            CallExpr@816..836
              NameExpr@816..825
                NameRef@816..825
                  Ident@816..825 "dimByTilt"
              ArgList@825..836
                LParen@825..826 "("
                NameExpr@826..835
                  NameRef@826..835
                    Ident@826..835 "tiltValue"
                RParen@835..836 ")"
            Whitespace@836..837 " "
            Star@837..838 "*"
            Whitespace@838..839 " "
            NameExpr@839..843
              NameRef@839..843
                Ident@839..843 "gain"
      Whitespace@843..844 "\n"
      RBrace@844..845 "}"
  Whitespace@845..847 "\n\n"
  InstanceDecl@847..909
    KwInstance@847..855 "instance"
    Whitespace@855..856 " "
    Name@856..861
      Ident@856..861 "lampA"
    Whitespace@861..862 " "
    Colon@862..863 ":"
    Whitespace@863..864 " "
    NameRef@864..876
      Ident@864..876 "AdaptiveLamp"
    Whitespace@876..877 " "
    InstanceBody@877..909
      LBrace@877..878 "{"
      Whitespace@878..879 " "
      InstanceArg@879..897
        NameRef@879..883
          Ident@879..883 "main"
        Whitespace@883..884 " "
        Eq@884..885 "="
        Whitespace@885..886 " "
        NameExpr@886..897
          NameRef@886..897
            Ident@886..897 "interaction"
      Comma@897..898 ","
      Whitespace@898..899 " "
      InstanceArg@899..907
        NameRef@899..903
          Ident@899..903 "gain"
        Whitespace@903..904 " "
        Eq@904..905 "="
        Whitespace@905..906 " "
        LiteralExpr@906..907
          Number@906..907 "2"
      Whitespace@907..908 " "
      RBrace@908..909 "}"
  Whitespace@909..910 "\n"
  InstanceDecl@910..972
    KwInstance@910..918 "instance"
    Whitespace@918..919 " "
    Name@919..924
      Ident@919..924 "lampB"
    Whitespace@924..925 " "
    Colon@925..926 ":"
    Whitespace@926..927 " "
    NameRef@927..939
      Ident@927..939 "AdaptiveLamp"
    Whitespace@939..940 " "
    InstanceBody@940..972
      LBrace@940..941 "{"
      Whitespace@941..942 " "
      InstanceArg@942..960
        NameRef@942..946
          Ident@942..946 "main"
        Whitespace@946..947 " "
        Eq@947..948 "="
        Whitespace@948..949 " "
        NameExpr@949..960
          NameRef@949..960
            Ident@949..960 "interaction"
      Comma@960..961 ","
      Whitespace@961..962 " "
      InstanceArg@962..970
        NameRef@962..966
          Ident@962..966 "gain"
        Whitespace@966..967 " "
        Eq@967..968 "="
        Whitespace@968..969 " "
        LiteralExpr@969..970
          Number@969..970 "1"
      Whitespace@970..971 " "
      RBrace@971..972 "}"
  Whitespace@972..974 "\n\n"
  MappingDecl@974..1018
    KwMapping@974..981 "mapping"
    Whitespace@981..982 " "
    Name@982..992
      Ident@982..992 "brightness"
    Whitespace@992..993 " "
    Colon@993..994 ":"
    Whitespace@994..995 " "
    NamedType@995..1005
      NameRef@995..1005
        Ident@995..1005 "Brightness"
    Whitespace@1005..1006 " "
    ClockTag@1006..1018
      At@1006..1007 "@"
      NameRef@1007..1018
        Ident@1007..1018 "interaction"
  Whitespace@1018..1019 "\n"
  MappingDecl@1019..1059
    KwMapping@1019..1026 "mapping"
    Whitespace@1026..1027 " "
    Name@1027..1033
      Ident@1027..1033 "mirror"
    Whitespace@1033..1034 " "
    Colon@1034..1035 ":"
    Whitespace@1035..1036 " "
    NamedType@1036..1046
      NameRef@1036..1046
        Ident@1036..1046 "Brightness"
    Whitespace@1046..1047 " "
    ClockTag@1047..1059
      At@1047..1048 "@"
      NameRef@1048..1059
        Ident@1048..1059 "interaction"
  Whitespace@1059..1060 "\n"
  MappingDecl@1060..1094
    KwMapping@1060..1067 "mapping"
    Whitespace@1067..1068 " "
    Name@1068..1072
      Ident@1068..1072 "slow"
    Whitespace@1072..1073 " "
    Colon@1073..1074 ":"
    Whitespace@1074..1075 " "
    NamedType@1075..1085
      NameRef@1075..1085
        Ident@1075..1085 "Brightness"
    Whitespace@1085..1086 " "
    ClockTag@1086..1094
      At@1086..1087 "@"
      NameRef@1087..1094
        Ident@1087..1094 "display"
  Whitespace@1094..1096 "\n\n"
  BindDecl@1096..1128
    KwBind@1096..1100 "bind"
    Whitespace@1100..1101 " "
    BindEnd@1101..1116
      NameRef@1101..1106
        Ident@1101..1106 "lampA"
      Dot@1106..1107 "."
      NameRef@1107..1116
        Ident@1107..1116 "tiltValue"
    Whitespace@1116..1117 " "
    Eq@1117..1118 "="
    Whitespace@1118..1119 " "
    BindEnd@1119..1128
      NameRef@1119..1128
        Ident@1119..1128 "tiltValue"
  Whitespace@1128..1129 "\n"
  BindDecl@1129..1161
    KwBind@1129..1133 "bind"
    Whitespace@1133..1134 " "
    BindEnd@1134..1149
      NameRef@1134..1139
        Ident@1134..1139 "lampB"
      Dot@1139..1140 "."
      NameRef@1140..1149
        Ident@1140..1149 "tiltValue"
    Whitespace@1149..1150 " "
    Eq@1150..1151 "="
    Whitespace@1151..1152 " "
    BindEnd@1152..1161
      NameRef@1152..1161
        Ident@1152..1161 "tiltValue"
  Whitespace@1161..1162 "\n"
  BindDecl@1162..1196
    KwBind@1162..1166 "bind"
    Whitespace@1166..1167 " "
    BindEnd@1167..1177
      NameRef@1167..1177
        Ident@1167..1177 "brightness"
    Whitespace@1177..1178 " "
    Eq@1178..1179 "="
    Whitespace@1179..1180 " "
    BindEnd@1180..1196
      NameRef@1180..1185
        Ident@1180..1185 "lampA"
      Dot@1185..1186 "."
      NameRef@1186..1196
        Ident@1186..1196 "brightness"
  Whitespace@1196..1197 "\n"
  BindDecl@1197..1227
    KwBind@1197..1201 "bind"
    Whitespace@1201..1202 " "
    BindEnd@1202..1208
      NameRef@1202..1208
        Ident@1202..1208 "mirror"
    Whitespace@1208..1209 " "
    Eq@1209..1210 "="
    Whitespace@1210..1211 " "
    BindEnd@1211..1227
      NameRef@1211..1216
        Ident@1211..1216 "lampB"
      Dot@1216..1217 "."
      NameRef@1217..1227
        Ident@1217..1227 "brightness"
  Whitespace@1227..1228 "\n"
  BindDecl@1228..1263
    KwBind@1228..1232 "bind"
    Whitespace@1232..1233 " "
    BindEnd@1233..1237
      NameRef@1233..1237
        Ident@1233..1237 "slow"
    Whitespace@1237..1238 " "
    Eq@1238..1239 "="
    Whitespace@1239..1240 " "
    BindEnd@1240..1256
      NameRef@1240..1245
        Ident@1240..1245 "lampA"
      Dot@1245..1246 "."
      NameRef@1246..1256
        Ident@1246..1256 "brightness"
    Whitespace@1256..1257 " "
    Ident@1257..1261 "init"
    Whitespace@1261..1262 " "
    LiteralExpr@1262..1263
      Number@1262..1263 "0"
  Whitespace@1263..1265 "\n\n"
  ExportDecl@1265..1297
    KwExport@1265..1271 "export"
    Whitespace@1271..1272 " "
    BindEnd@1272..1287
      NameRef@1272..1277
        Ident@1272..1277 "lampB"
      Dot@1277..1278 "."
      NameRef@1278..1287
        Ident@1278..1287 "tiltValue"
    Whitespace@1287..1288 " "
    Ident@1288..1290 "as"
    Whitespace@1290..1291 " "
    Name@1291..1297
      Ident@1291..1297 "tiltIn"
  Whitespace@1297..1298 "\n"
lowered: 3 concept(s), 5 mapping(s), 0 enum(s)
